Arguments: 
  /usr/local/bin/node /usr/local/Cellar/yarn/1.21.1/libexec/bin/yarn.js init

PATH: 
  /usr/local/bin:/usr/bin:/bin:/usr/sbin:/sbin:/Library/Apple/usr/bin:/Users/metak/.rvm/bin

Yarn version: 
  1.21.1

Node version: 
  16.13.1

Platform: 
  darwin arm64

Trace: 
  Error: canceled
      at Interface.<anonymous> (/usr/local/Cellar/yarn/1.21.1/libexec/lib/cli.js:136925:13)
      at Interface.emit (node:events:390:28)
      at Interface._ttyWrite (node:readline:1081:16)
      at ReadStream.onkeypress (node:readline:288:10)
      at ReadStream.emit (node:events:390:28)
      at emitKeys (node:internal/readline/utils:358:14)
      at emitKeys.next (<anonymous>)
      at ReadStream.onData (node:internal/readline/emitKeypressEvents:61:36)
      at ReadStream.emit (node:events:390:28)
      at addChunk (node:internal/streams/readable:315:12)

npm manifest: 
  {
    "name": "trucky",
    "version": "0.1.0",
    "private": true,
    "scripts": {
      "build": "next build",
      "dev": "next dev",
      "lint": "next lint",
      "start": "next start"
    },
    "dependencies": {
      "next": "13.0.2",
      "next-auth": "^4.15.1",
      "react": "18.2.0",
      "react-dom": "18.2.0",
      "zod": "^3.18.0"
    },
    "devDependencies": {
      "@types/node": "^18.0.0",
      "@types/react": "^18.0.14",
      "@types/react-dom": "^18.0.5",
      "@typescript-eslint/eslint-plugin": "^5.33.0",
      "@typescript-eslint/parser": "^5.33.0",
      "eslint": "^8.26.0",
      "eslint-config-next": "13.0.2",
      "typescript": "^4.8.4"
    },
    "ct3aMetadata": {
      "initVersion": "6.11.0"
    }
  }

yarn manifest: 
  No manifest

Lockfile: 
  No lockfile
